
> react-kavia@0.1.0 start
> react-scripts start

Attempting to bind to HOST environment variable: 0.0.0.0
If this was unintentional, check that you haven't mistakenly set it in your shell.
Learn more here: https://cra.link/advanced-config

(node:2081) [DEP_WEBPACK_DEV_SERVER_ON_AFTER_SETUP_MIDDLEWARE] DeprecationWarning: 'onAfterSetupMiddleware' option is deprecated. Please use the 'setupMiddlewares' option.
(Use `node --trace-deprecation ...` to show where the warning was created)
(node:2081) [DEP_WEBPACK_DEV_SERVER_ON_BEFORE_SETUP_MIDDLEWARE] DeprecationWarning: 'onBeforeSetupMiddleware' option is deprecated. Please use the 'setupMiddlewares' option.
Starting the development server...

Compiled with warnings.

[eslint] 
src/components/NoteEditor.js
  Line 11:5:  'createNote' is assigned a value but never used                                                                                                       no-unused-vars
  Line 14:5:  'selectNote' is assigned a value but never used                                                                                                       no-unused-vars
  Line 29:6:  React Hook useEffect has missing dependencies: 'selectedNote?.content' and 'selectedNote?.title'. Either include them or remove the dependency array  react-hooks/exhaustive-deps

Search for the keywords to learn more about each warning.
To ignore, add // eslint-disable-next-line to the line before.

WARNING in [eslint] 
src/components/NoteEditor.js
  Line 11:5:  'createNote' is assigned a value but never used                                                                                                       no-unused-vars
  Line 14:5:  'selectNote' is assigned a value but never used                                                                                                       no-unused-vars
  Line 29:6:  React Hook useEffect has missing dependencies: 'selectedNote?.content' and 'selectedNote?.title'. Either include them or remove the dependency array  react-hooks/exhaustive-deps

webpack compiled with 1 warning
